\BOOKMARK [1][-]{section*.1}{\376\377\000D\000e\000c\000l\000a\000r\000a\000t\000i\000o\000n\000\040\000b\000y\000\040\000t\000h\000e\000\040\000S\000t\000u\000d\000e\000n\000t}{}% 1
\BOOKMARK [1][-]{section*.2}{\376\377\000A\000c\000k\000n\000o\000w\000l\000e\000d\000g\000m\000e\000n\000t\000s}{}% 2
\BOOKMARK [1][-]{section*.4}{\376\377\000A\000b\000s\000t\000r\000a\000c\000t}{}% 3
\BOOKMARK [1][-]{section*.5}{\376\377\000Q\000u\000a\000n\000t\000i\000t\000a\000t\000i\000v\000e\000\040\000T\000h\000e\000r\000m\000o\000d\000y\000n\000a\000m\000i\000c\000\040\000D\000e\000s\000c\000r\000i\000p\000t\000i\000o\000n\000s\000\040\000o\000f\000\040\000A\000r\000o\000m\000a\000t\000i\000c\000i\000t\000y}{}% 4
\BOOKMARK [2][-]{subsection.1.1}{\376\377\000I\000n\000t\000r\000o\000d\000u\000c\000t\000i\000o\000n}{section*.5}% 5
\BOOKMARK [2][-]{subsection.1.2}{\376\377\000T\000h\000e\000o\000r\000y}{section*.5}% 6
\BOOKMARK [3][-]{subsubsection.1.2.1}{\376\377\000A\000r\000o\000m\000a\000t\000i\000c\000i\000t\000y}{subsection.1.2}% 7
\BOOKMARK [3][-]{subsubsection.1.2.2}{\376\377\000R\000e\000s\000o\000n\000a\000n\000c\000e\000\040\000E\000n\000e\000r\000g\000y}{subsection.1.2}% 8
\BOOKMARK [3][-]{subsubsection.1.2.3}{\376\377\000C\000o\000m\000p\000u\000t\000a\000t\000i\000o\000n\000a\000l\000\040\000C\000a\000l\000c\000u\000l\000a\000t\000i\000o\000n}{subsection.1.2}% 9
\BOOKMARK [2][-]{subsection.1.3}{\376\377\000O\000b\000s\000e\000r\000v\000a\000t\000i\000o\000n\000\040\000a\000n\000d\000\040\000R\000e\000s\000u\000l\000t\000s}{section*.5}% 10
\BOOKMARK [2][-]{subsection.1.4}{\376\377\000C\000o\000n\000c\000l\000u\000s\000i\000o\000n\000\040\000a\000n\000d\000\040\000D\000i\000s\000c\000u\000s\000s\000i\000o\000n}{section*.5}% 11
\BOOKMARK [1][-]{section*.11}{\376\377\000A\000\040\000C\000o\000m\000p\000u\000t\000a\000t\000i\000o\000n\000a\000l\000\040\000A\000n\000a\000l\000y\000s\000i\000s\000\040\000o\000f\000\040\000L\000e\000w\000i\000s\000\040\000A\000c\000i\000d\000s\000\040\000a\000n\000d\000\040\000B\000a\000s\000e\000s\000:\000\040\000O\000p\000t\000i\000m\000i\000z\000i\000n\000g\000\040\000E\000l\000e\000c\000t\000r\000o\000n\000i\000c\000\040\000P\000r\000o\000p\000e\000r\000t\000i\000e\000s\000\040\000a\000n\000d\000\040\000R\000e\000a\000c\000t\000i\000v\000i\000t\000y}{}% 12
\BOOKMARK [2][-]{subsection.2.1}{\376\377\000I\000n\000t\000r\000o\000d\000u\000c\000t\000i\000o\000n}{section*.11}% 13
\BOOKMARK [2][-]{subsection.2.2}{\376\377\000T\000h\000e\000o\000r\000y}{section*.11}% 14
\BOOKMARK [3][-]{subsubsection.2.2.1}{\376\377\000L\000e\000w\000i\000s\000\040\000a\000c\000i\000d\000\040\000a\000n\000d\000\040\000b\000a\000s\000e}{subsection.2.2}% 15
\BOOKMARK [3][-]{subsubsection.2.2.2}{\376\377\000B\000i\000n\000d\000i\000n\000g\000\040\000E\000n\000e\000r\000g\000y}{subsection.2.2}% 16
\BOOKMARK [3][-]{subsubsection.2.2.3}{\376\377\000F\000a\000c\000t\000o\000r\000s\000\040\000A\000f\000f\000e\000c\000t\000i\000n\000g\000\040\000B\000i\000n\000d\000i\000n\000g\000\040\000E\000n\000e\000r\000g\000y}{subsection.2.2}% 17
\BOOKMARK [2][-]{subsection.2.3}{\376\377\000O\000b\000s\000e\000r\000v\000a\000t\000i\000o\000n}{section*.11}% 18
\BOOKMARK [2][-]{subsection.2.4}{\376\377\000R\000e\000s\000u\000l\000t\000s}{section*.11}% 19
\BOOKMARK [3][-]{subsubsection.2.4.1}{\376\377\000S\000t\000r\000e\000n\000g\000t\000h\000\040\000o\000f\000\040\000a\000c\000i\000d\000,\000\040\000b\000a\000s\000e\000\040\000a\000n\000d\000\040\000a\000d\000d\000u\000c\000t\000s}{subsection.2.4}% 20
\BOOKMARK [3][-]{subsubsection.2.4.2}{\376\377\000C\000o\000r\000r\000e\000l\000a\000t\000i\000o\000n\000\040\000H\000e\000a\000t\000m\000a\000p}{subsection.2.4}% 21
\BOOKMARK [2][-]{subsection.2.5}{\376\377\000D\000i\000s\000c\000u\000s\000s\000i\000o\000n\000\040\000a\000n\000d\000\040\000C\000o\000n\000c\000l\000u\000s\000i\000o\000n}{section*.11}% 22
\BOOKMARK [1][-]{section*.28}{\376\377\000M\000a\000c\000h\000i\000n\000e\000\040\000L\000e\000a\000r\000n\000i\000n\000g\000\040\000f\000o\000r\000\040\000C\000h\000e\000m\000i\000s\000t\000s\000:\000\040\000U\000s\000i\000n\000g\000\040\000P\000y\000t\000h\000o\000n\000\040\000N\000o\000t\000e\000b\000o\000o\000k\000s\000\040\000f\000o\000r\000\040\000V\000i\000s\000u\000a\000l\000i\000z\000a\000t\000i\000o\000n\000,\000\040\000D\000a\000t\000a\000\040\000P\000r\000o\000c\000e\000s\000s\000i\000n\000g\000,\000\040\000A\000n\000a\000l\000y\000s\000i\000s\000,\000\040\000a\000n\000d\000\040\000M\000o\000d\000e\000l\000i\000n\000g\000\040\000o\000f\000\040\000w\000i\000n\000e\000\040\000d\000a\000t\000a\000s\000e\000t}{}% 23
\BOOKMARK [2][-]{subsection.3.1}{\376\377\000I\000n\000t\000r\000o\000d\000u\000c\000t\000i\000o\000n}{section*.28}% 24
\BOOKMARK [2][-]{subsection.3.2}{\376\377\000B\000a\000s\000i\000c\000\040\000D\000e\000f\000i\000n\000i\000t\000i\000o\000n\000s}{section*.28}% 25
\BOOKMARK [3][-]{subsubsection.3.2.1}{\376\377\000I\000m\000p\000o\000r\000t\000i\000n\000g\000\040\000w\000i\000n\000e\000\040\000d\000a\000t\000a\000s\000e\000t\000s}{subsection.3.2}% 26
\BOOKMARK [2][-]{subsection.3.3}{\376\377\000D\000a\000t\000a\000\040\000V\000i\000s\000u\000a\000l\000i\000z\000a\000t\000i\000o\000n\000\040\000u\000s\000i\000n\000g\000\040\000s\000t\000a\000t\000i\000s\000t\000i\000c\000a\000l\000\040\000p\000l\000o\000t\000s}{section*.28}% 27
\BOOKMARK [3][-]{subsubsection.3.3.1}{\376\377\000H\000i\000s\000t\000o\000g\000r\000a\000m}{subsection.3.3}% 28
\BOOKMARK [3][-]{subsubsection.3.3.2}{\376\377\000B\000o\000x\000\040\000p\000l\000o\000t}{subsection.3.3}% 29
\BOOKMARK [3][-]{subsubsection.3.3.3}{\376\377\000V\000i\000o\000l\000i\000n\000\040\000p\000l\000o\000t}{subsection.3.3}% 30
\BOOKMARK [3][-]{subsubsection.3.3.4}{\376\377\000H\000e\000a\000t\000m\000a\000p}{subsection.3.3}% 31
\BOOKMARK [3][-]{subsubsection.3.3.5}{\376\377\000P\000a\000i\000r\000\040\000p\000l\000o\000t}{subsection.3.3}% 32
\BOOKMARK [2][-]{subsection.3.4}{\376\377\000S\000t\000a\000t\000i\000s\000t\000i\000c\000s\000\040\000i\000n\000\040\000p\000a\000n\000d\000a\000s}{section*.28}% 33
\BOOKMARK [3][-]{subsubsection.3.4.1}{\376\377\000D\000e\000s\000c\000r\000i\000p\000t\000i\000v\000e\000\040\000S\000t\000a\000t\000i\000s\000t\000i\000c\000s\000\040\000f\000u\000n\000c\000t\000i\000o\000n\000s}{subsection.3.4}% 34
\BOOKMARK [3][-]{subsubsection.3.4.2}{\376\377\000C\000o\000n\000f\000i\000d\000e\000n\000c\000e\000\040\000i\000n\000t\000e\000r\000v\000a\000l}{subsection.3.4}% 35
\BOOKMARK [2][-]{subsection.3.5}{\376\377\000H\000y\000p\000o\000t\000h\000e\000s\000i\000s\000\040\000t\000e\000s\000t\000s}{section*.28}% 36
\BOOKMARK [2][-]{subsection.3.6}{\376\377\000S\000t\000u\000d\000e\000n\000t\000'\000s\000\040\000t\000-\000t\000e\000s\000t}{section*.28}% 37
\BOOKMARK [3][-]{subsubsection.3.6.1}{\376\377\000O\000n\000e\000-\000s\000a\000m\000p\000l\000e\000\040\000t\000e\000s\000t}{subsection.3.6}% 38
\BOOKMARK [3][-]{subsubsection.3.6.2}{\376\377\000T\000w\000o\000-\000s\000a\000m\000p\000l\000e\000\040\000t\000e\000s\000t}{subsection.3.6}% 39
\BOOKMARK [2][-]{subsection.3.7}{\376\377\000E\000q\000u\000a\000l\000i\000t\000y\000\040\000o\000f\000\040\000V\000a\000r\000i\000a\000n\000c\000e\000s\000\040\000\050\000H\000o\000m\000o\000s\000c\000e\000d\000a\000s\000t\000i\000c\000i\000t\000y\000\051}{section*.28}% 40
\BOOKMARK [2][-]{subsection.3.8}{\376\377\000A\000N\000O\000V\000A}{section*.28}% 41
\BOOKMARK [2][-]{subsection.3.9}{\376\377\000V\000a\000r\000i\000a\000b\000l\000e\000\040\000R\000e\000d\000u\000c\000t\000i\000o\000n}{section*.28}% 42
\BOOKMARK [3][-]{subsubsection.3.9.1}{\376\377\000P\000C\000A\000\040\000\050\000P\000r\000i\000n\000c\000i\000p\000a\000l\000\040\000C\000o\000m\000p\000o\000n\000e\000n\000t\000s\000\040\000A\000n\000a\000l\000y\000s\000i\000s\000\051}{subsection.3.9}% 43
\BOOKMARK [3][-]{subsubsection.3.9.2}{\376\377\000t\000-\000S\000N\000E\000\040\000\050\000t\000-\000d\000i\000s\000t\000r\000i\000b\000u\000t\000e\000d\000\040\000S\000t\000o\000c\000h\000a\000s\000t\000i\000c\000\040\000N\000e\000i\000g\000h\000b\000o\000r\000\040\000E\000m\000b\000e\000d\000d\000i\000n\000g\000\051}{subsection.3.9}% 44
\BOOKMARK [3][-]{subsubsection.3.9.3}{\376\377\000U\000M\000A\000P\000\040\000\050\000U\000n\000i\000f\000o\000r\000m\000\040\000M\000a\000n\000i\000f\000o\000l\000d\000\040\000A\000p\000p\000r\000o\000x\000i\000m\000a\000t\000i\000o\000n\000\040\000a\000n\000d\000\040\000P\000r\000o\000j\000e\000c\000t\000i\000o\000n\000\051}{subsection.3.9}% 45
\BOOKMARK [2][-]{subsection.3.10}{\376\377\000C\000l\000a\000s\000s\000i\000f\000i\000c\000a\000t\000i\000o\000n}{section*.28}% 46
\BOOKMARK [3][-]{subsubsection.3.10.1}{\376\377\000L\000o\000g\000i\000s\000t\000i\000c\000\040\000r\000e\000g\000r\000e\000s\000s\000i\000o\000n}{subsection.3.10}% 47
\BOOKMARK [3][-]{subsubsection.3.10.2}{\376\377\000D\000a\000t\000a\000\040\000S\000p\000l\000i\000t\000t\000i\000n\000g\000\040\000a\000n\000d\000\040\000S\000t\000a\000n\000d\000a\000r\000d\000i\000z\000a\000t\000i\000o\000n}{subsection.3.10}% 48
\BOOKMARK [3][-]{subsubsection.3.10.3}{\376\377\000M\000u\000l\000t\000i\000p\000l\000e\000\040\000L\000o\000g\000i\000s\000t\000i\000c\000\040\000R\000e\000g\000r\000e\000s\000s\000i\000o\000n}{subsection.3.10}% 49
\BOOKMARK [2][-]{subsection.3.11}{\376\377\000P\000e\000r\000f\000o\000r\000m\000a\000n\000c\000e\000\040\000M\000e\000t\000r\000i\000c\000s\000\040\000f\000o\000r\000\040\000C\000l\000a\000s\000s\000i\000f\000i\000c\000a\000t\000i\000o\000n}{section*.28}% 50
\BOOKMARK [3][-]{subsubsection.3.11.1}{\376\377\000C\000o\000n\000f\000u\000s\000i\000o\000n\000\040\000M\000a\000t\000r\000i\000x}{subsection.3.11}% 51
\BOOKMARK [3][-]{subsubsection.3.11.2}{\376\377\000P\000r\000e\000c\000i\000s\000i\000o\000n\000\040\000s\000c\000o\000r\000e}{subsection.3.11}% 52
\BOOKMARK [3][-]{subsubsection.3.11.3}{\376\377\000R\000e\000c\000a\000l\000l\000\040\000s\000c\000o\000r\000e}{subsection.3.11}% 53
\BOOKMARK [3][-]{subsubsection.3.11.4}{\376\377\000F\0001\000\040\000s\000c\000o\000r\000e}{subsection.3.11}% 54
\BOOKMARK [2][-]{subsection.3.12}{\376\377\000D\000e\000c\000i\000s\000i\000o\000n\000\040\000t\000r\000e\000e}{section*.28}% 55
\BOOKMARK [2][-]{subsection.3.13}{\376\377\000R\000e\000g\000r\000e\000s\000s\000i\000o\000n}{section*.28}% 56
\BOOKMARK [3][-]{subsubsection.3.13.1}{\376\377\000C\000o\000r\000r\000e\000l\000a\000t\000i\000o\000n}{subsection.3.13}% 57
\BOOKMARK [3][-]{subsubsection.3.13.2}{\376\377\000L\000i\000n\000e\000a\000r\000\040\000R\000e\000g\000r\000e\000s\000s\000i\000o\000n}{subsection.3.13}% 58
\BOOKMARK [3][-]{subsubsection.3.13.3}{\376\377\000M\000u\000l\000t\000i\000p\000l\000e\000\040\000L\000i\000n\000e\000a\000r\000\040\000R\000e\000g\000r\000e\000s\000s\000i\000o\000n}{subsection.3.13}% 59
\BOOKMARK [3][-]{subsubsection.3.13.4}{\376\377\000R\000o\000o\000t\000\040\000M\000e\000a\000n\000\040\000S\000q\000u\000a\000r\000e\000d\000\040\000E\000r\000r\000o\000r\000\040\000\050\000R\000M\000S\000E\000\051}{subsection.3.13}% 60
\BOOKMARK [2][-]{subsection.3.14}{\376\377\000L\000A\000S\000S\000O\000\050\000L\000e\000a\000s\000t\000\040\000A\000b\000s\000o\000l\000u\000t\000e\000\040\000S\000h\000r\000i\000n\000k\000a\000g\000e\000\040\000a\000n\000d\000\040\000S\000e\000l\000e\000c\000t\000i\000o\000n\000\040\000O\000p\000e\000r\000a\000t\000o\000r\000\051}{section*.28}% 61
\BOOKMARK [2][-]{subsection.3.15}{\376\377\000D\000i\000s\000c\000u\000s\000s\000i\000o\000n\000\040\000a\000n\000d\000\040\000C\000o\000n\000c\000l\000u\000s\000i\000o\000n}{section*.28}% 62
\BOOKMARK [1][-]{section*.48}{\376\377\000A\000p\000p\000e\000n\000d\000i\000x}{}% 63
